// Jest Snapshot v1, https://goo.gl/fbAQLP

exports[`to match snapshot match snapshot 1`] = `ShallowWrapper {}`;
